// Vitest Snapshot v1

exports[`ButtonUI > should match a snapshot 1`] = `
<button
  class="button-ui full sm sharp disabled some simple classes"
  data-v-a4d02f90=""
  disabled="true"
>
  
  Snap! ;)
  
</button>
`;
